[www.best-supply-chain.com/index.html]
[backblue.gif]
[fade.gif]
[index.html]
[gcdn.meidianbang.cn/share/animate.css]
[gcdn.meidianbang.cn/scripts/swiper.animate/animate.min.css]
[gcdn.meidianbang.cn/share/bootstrap.min.css]
[gcdn.meidianbang.cn/share/ModuleStyleMobile2a16.css]
[gcdn.meidianbang.cn/share/ModuleStyleMobileV2.css]
[gcdn.meidianbang.cn/share/ModuleMobileMainNavTpl.css]
[gcdn.meidianbang.cn/share/ModuleTabsTpl.css]
[gcdn.meidianbang.cn/scripts/flexslider/flexslider.css]
[gcdn.meidianbang.cn/share/ModuleMobileNavTpl.css]
[gcdn.meidianbang.cn/share/fontawesome/css/font-awesome.min.css]
[gcdn.meidianbang.cn/scripts/iconfont/iconfont.css]
[gcdn.meidianbang.cn/scripts/slick/slick-theme.css]
[gcdn.meidianbang.cn/scripts/slick/slick.css]
[gcdn.meidianbang.cn/scripts/Swiper-3.4.0/css/swiper.min.css]
[gcdn.meidianbang.cn/scripts/Swiper-3.4.0/js/swiper.min.js]
[gcdn.meidianbang.cn/PageCss1680.css]
[gcdn.meidianbang.cn/PageJsacc7.js]
[cdn-for-hk.img-sys.com/share/jquery-ui-css/ui-lightness/jquery-ui-1.10.2.custom.min.css]
[gcdn.meidianbang.cn/images/imgbg.png]
[gcdn.meidianbang.cn/comdata/100040/202410/20241023151146edd966.png]
[www.best-supply-chain.com/cn/index.html]
[www.best-supply-chain.com/en/index.html]
[www.best-supply-chain.com/Content/303251.html]
[www.best-supply-chain.com/Content/2884125.html]
[www.best-supply-chain.com/Content/2884296.html]
[www.best-supply-chain.com/Content/2884298.html]
[www.best-supply-chain.com/Content/2927605.html]
[www.best-supply-chain.com/Content/303253.html]
[www.best-supply-chain.com/News.html]
[cdn-for-hk.img-sys.com/comdata/100040/202410/20241018115532da035d.png]
[www.best-supply-chain.com/skinp/modules/ModuleNavGiant/menu.js]
[www.best-supply-chain.com/cn.html]
[www.best-supply-chain.com/skinp/modules/ModuleLangSwitchV2Giant/ModuleLangSwitchV2.js]
[www.best-supply-chain.com/en.html]
[www.best-supply-chain.com/skinp/modules/ModuleImageTextGiant/imageText.js]
[www.best-supply-chain.com/skinp/modules/ModuleGridGiant/modulegrid.js]
[www.best-supply-chain.com/skinp/modules/ModuleSlideGiant/commonSlide.js]
[gcdn.meidianbang.cn/comdata/100040/201708/2017082417165551d8f0d402.jpg]
[gcdn.meidianbang.cn/comdata/100040/icontemp/202410/20241023152132831f2b8.png]
[gcdn.meidianbang.cn/comdata/100040/icontemp/202410/202410231524423382a99.png]
[gcdn.meidianbang.cn/comdata/100040/202503/2025032011520368a2d8a73d.png]
[cdn-for-hk.img-sys.com/comdata/100040/202410/20241022150002f2159c.jpg]
[www.best-supply-chain.com/skinp/modules/ModuleSiteGalleryV2Giant/commonSiteGallery.js]
[www.best-supply-chain.com/NewsDetail/5923859.html]
[www.best-supply-chain.com/NewsDetail/5923850.html]
[www.best-supply-chain.com/NewsDetail/5684127.html]
[www.best-supply-chain.com/skinp/modules/ModuleNewsListGiant/newslist.js]
[cdn-for-hk.img-sys.com/comdata/100040/202410/202410211047175cf335.jpg]
[www.best-supply-chain.com/index0cdf.php]
[www.best-supply-chain.com/skinp/modules/ModuleOnLineServiceGiant/onlineServiceGiant.js]
[www.best-supply-chain.com/index8d99.php]
[www.best-supply-chain.com/share/mobilefootnav.js]
[www.best-supply-chain.com/scripts/jquery-ui-touch-punch/jquery.ui.touch-punch.min.js]
[www.best-supply-chain.com/yz168.cc]
[www.best-supply-chain.com/indexe45c.html]
[gcdn.meidianbang.cn/share/wow.min.js]
[www.best-supply-chain.com/scripts/jui.min.js]
[zz.bdstatic.com/linksubmit/push.js]
[push.zhanzhang.baidu.com/push.js]
[res.wx.qq.com/open/js/jweixin-1.6.0.js]
[www.best-supply-chain.com/scripts/party/weixinshare1829.js]
[www.best-supply-chain.com/index93e2.html]
[www.best-supply-chain.com/PageGetAgentInfod970.php]
[www.best-supply-chain.com/index.html]
[gcdn.meidianbang.cn/share/animate.css]
[gcdn.meidianbang.cn/scripts/swiper.animate/animate.min.css]
[gcdn.meidianbang.cn/share/bootstrap.min.css]
[gcdn.meidianbang.cn/images/checkmark.png]
[gcdn.meidianbang.cn/share/PIE.html]
[gcdn.meidianbang.cn/images/userlogin/username.png]
[gcdn.meidianbang.cn/images/userlogin/pwd.png]
[gcdn.meidianbang.cn/images/ui-icons_ffffff_256x240.png]
[gcdn.meidianbang.cn/images/otherlogin.48.delayed]
[gcdn.meidianbang.cn/images/username.png]
[gcdn.meidianbang.cn/images/pwd.png]
[gcdn.meidianbang.cn/skinp/common/mobile/images/Cart2x.png]
[gcdn.meidianbang.cn/images/commentarrow.gif]
[gcdn.meidianbang.cn/images/5star.gif]
[gcdn.meidianbang.cn/images/user_index_03.jpg]
[gcdn.meidianbang.cn/images/newsRightIcon.png]
[a0.leadongcdn.cn/static/assets/widget/images/category/listsubthumbdot.png]
[gcdn.meidianbang.cn/share/tabsTpl/tabs-default.jpg]
[gcdn.meidianbang.cn/share/tabsTpl/tabs-two.jpg]
[gcdn.meidianbang.cn/share/tabsTpl/tabs-three.jpg]
[gcdn.meidianbang.cn/images/footbar/blackFootNavIcon.png]
[gcdn.meidianbang.cn/images/footbar/blackFootTelIcon.png]
[gcdn.meidianbang.cn/images/footbar/blackFootGuestbookIcon.png]
[gcdn.meidianbang.cn/images/footbar/blackFootBacktoTopIcon.png]
[gcdn.meidianbang.cn/images/footbar/QRCode.png]
[gcdn.meidianbang.cn/images/footbar/blackFootPrevIcon.png]
[gcdn.meidianbang.cn/images/footbar/blackFootNextIcon.png]
[gcdn.meidianbang.cn/images/footbar/blackFootHomeIcon.png]
[gcdn.meidianbang.cn/images/footbar/blackStoreIcon.png]
[gcdn.meidianbang.cn/images/footbar/ProductClassPageIcon.png]
[gcdn.meidianbang.cn/images/footbar/blackFootqqIcon.png]
[gcdn.meidianbang.cn/images/footbar/blackFootShopCartIcon.png]
[gcdn.meidianbang.cn/images/PartyImage/luckcard.jpg]
[gcdn.meidianbang.cn/images/GoldEgg/egg_1.png]
[gcdn.meidianbang.cn/images/GoldEgg/img-6.png]
[gcdn.meidianbang.cn/images/GoldEgg/egg_2.png]
[gcdn.meidianbang.cn/images/GoldEgg/img-4.png]
[gcdn.meidianbang.cn/images/pre.png]
[gcdn.meidianbang.cn/images/next.png]
[gcdn.meidianbang.cn/share/iconfont.eot]
[gcdn.meidianbang.cn/skinp/modules/ModuleUserLoginGiant/images/close.png]
[gcdn.meidianbang.cn/share/iconfont.woff]
[gcdn.meidianbang.cn/images/arrow.png]
[gcdn.meidianbang.cn/images/back.png]
[gcdn.meidianbang.cn/scripts/jquery.pagewalkthrough/css/images/front-s1/kuang_bg.png]
[gcdn.meidianbang.cn/scripts/jquery.pagewalkthrough/css/images/front-s1/kuang_prev.png]
[gcdn.meidianbang.cn/images/passwordBg.jpg]
[gcdn.meidianbang.cn/images/dialogclose.png]
[gcdn.meidianbang.cn/skinp/modules/ModuleOnLineServiceGiant/images/service_bg01.jpg]
[gcdn.meidianbang.cn/skinp/modules/ModuleOnLineServiceGiant/images/service_bg04.jpg]
[gcdn.meidianbang.cn/skinp/modules/ModuleOnLineServiceGiant/images/service_bg06.jpg]
[gcdn.meidianbang.cn/skinp/modules/ModuleOnLineServiceGiant/images/service_bg07.jpg]
[gcdn.meidianbang.cn/skinp/modules/ModuleOnLineServiceGiant/images/service_bg02.jpg]
[gcdn.meidianbang.cn/skinp/modules/ModuleOnLineServiceGiant/images/service_bg03.jpg]
[gcdn.meidianbang.cn/skinp/modules/ModuleOnLineServiceGiant/images/service_bg08.jpg]
[gcdn.meidianbang.cn/share/ModuleStyleMobile2a16.css]
[gcdn.meidianbang.cn/skinp/modules/ModuleOnLineServiceGiant/images/service_bg05.jpg]
[gcdn.meidianbang.cn/images/moduleProductlist/jiantou.png]
[gcdn.meidianbang.cn/share/ModuleStyleMobileV2.css]
[gcdn.meidianbang.cn/share/navTpl/yellow/yellow_0_1_1.jpg]
[gcdn.meidianbang.cn/share/navTpl/black/black_0_1_1.jpg]
[gcdn.meidianbang.cn/share/navTpl/red/red_0_1_1.jpg]
[gcdn.meidianbang.cn/share/navTpl/brown/brown_0_1_1.jpg]
[gcdn.meidianbang.cn/share/navTpl/green/green_0_1_1.jpg]
[gcdn.meidianbang.cn/share/navTpl/blue/blue_0_1_1.jpg]
[gcdn.meidianbang.cn/share/navTpl/purple/purple_0_1_1.jpg]
[gcdn.meidianbang.cn/share/navTpl/white/white_0_1_1.jpg]
[gcdn.meidianbang.cn/share/navTpl/yellow_bg.jpg]
[gcdn.meidianbang.cn/share/navTpl/san_13_nnxI.png]
[gcdn.meidianbang.cn/share/navTpl/yellow/yellow_0_1_2.jpg]
[gcdn.meidianbang.cn/share/navTpl/black_bg.jpg]
[gcdn.meidianbang.cn/share/navTpl/black/black_0_1_2.jpg]
[gcdn.meidianbang.cn/share/navTpl/red_bg.jpg]
[gcdn.meidianbang.cn/share/navTpl/red/red_0_1_2.jpg]
[gcdn.meidianbang.cn/share/navTpl/brown_bg.jpg]
[gcdn.meidianbang.cn/share/navTpl/brown/brown_0_1_2.jpg]
[gcdn.meidianbang.cn/share/navTpl/green_bg.jpg]
[gcdn.meidianbang.cn/share/navTpl/green/green_0_1_2.jpg]
[gcdn.meidianbang.cn/share/navTpl/blue_bg.jpg]
[gcdn.meidianbang.cn/share/navTpl/blue/blue_0_1_2.jpg]
[gcdn.meidianbang.cn/share/navTpl/purple_bg.jpg]
[gcdn.meidianbang.cn/share/navTpl/purple/purple_0_1_2.jpg]
[gcdn.meidianbang.cn/share/navTpl/white_bg.jpg]
[gcdn.meidianbang.cn/share/navTpl/white_line.jpg]
[gcdn.meidianbang.cn/share/navTpl/white/white_0_1_2.jpg]
[gcdn.meidianbang.cn/share/navTpl/yellow_line.jpg]
[gcdn.meidianbang.cn/share/navTpl/yellow/yellow_0_0_1.jpg]
[gcdn.meidianbang.cn/share/navTpl/black_line.jpg]
[gcdn.meidianbang.cn/share/navTpl/black/black_0_0_1.jpg]
[gcdn.meidianbang.cn/share/navTpl/red_line.jpg]
[gcdn.meidianbang.cn/share/navTpl/red/red_0_0_1.jpg]
[gcdn.meidianbang.cn/share/navTpl/brown_line.jpg]
[gcdn.meidianbang.cn/share/navTpl/brown/brown_0_0_1.jpg]
[gcdn.meidianbang.cn/share/navTpl/green_line.jpg]
[gcdn.meidianbang.cn/share/navTpl/green/green_0_0_1.jpg]
[gcdn.meidianbang.cn/share/navTpl/blue_line.jpg]
[gcdn.meidianbang.cn/share/navTpl/blue/blue_0_0_1.jpg]
[gcdn.meidianbang.cn/share/navTpl/purple_line.jpg]
[gcdn.meidianbang.cn/share/navTpl/purple/purple_0_0_1.jpg]
[gcdn.meidianbang.cn/share/navTpl/white/white_0_0_1.jpg]
[gcdn.meidianbang.cn/share/navTpl/yellow/yellow_0_0_2.jpg]
[gcdn.meidianbang.cn/share/navTpl/black/black_0_0_2.jpg]
[gcdn.meidianbang.cn/share/navTpl/red/red_0_0_2.jpg]
[gcdn.meidianbang.cn/share/navTpl/brown/brown_0_0_2.jpg]
[gcdn.meidianbang.cn/share/navTpl/green/green_0_0_2.jpg]
[gcdn.meidianbang.cn/share/navTpl/blue/blue_0_0_2.jpg]
[gcdn.meidianbang.cn/share/navTpl/purple/purple_0_0_2.jpg]
[gcdn.meidianbang.cn/share/navTpl/white/white_0_0_2.jpg]
[gcdn.meidianbang.cn/share/navTpl/black/black_1_1_1.jpg]
[gcdn.meidianbang.cn/share/navTpl/red/red_1_1_1.jpg]
[gcdn.meidianbang.cn/share/navTpl/brown/brown_1_1_1.jpg]
[gcdn.meidianbang.cn/share/navTpl/yellow/yellow_1_1_1.jpg]
[gcdn.meidianbang.cn/share/navTpl/green/green_1_1_1.jpg]
[gcdn.meidianbang.cn/share/navTpl/blue/blue_1_1_1.jpg]
[gcdn.meidianbang.cn/share/navTpl/purple/purple_1_1_1.jpg]
[gcdn.meidianbang.cn/share/navTpl/white/white_1_1_1.jpg]
[gcdn.meidianbang.cn/share/navTpl/black/black_1_0_1.jpg]
[gcdn.meidianbang.cn/share/navTpl/red/red_1_0_1.jpg]
[gcdn.meidianbang.cn/share/navTpl/brown/brown_1_0_1.jpg]
[gcdn.meidianbang.cn/share/navTpl/yellow/yellow_1_0_1.jpg]
[gcdn.meidianbang.cn/share/navTpl/green/green_1_0_1.jpg]
[gcdn.meidianbang.cn/share/navTpl/blue/blue_1_0_1.jpg]
[gcdn.meidianbang.cn/share/navTpl/purple/purple_1_0_1.jpg]
[gcdn.meidianbang.cn/share/navTpl/white/white_1_0_1.jpg]
[gcdn.meidianbang.cn/share/ModuleMobileMainNavTpl.css]
[gcdn.meidianbang.cn/share/tabsTpl/style/four_dot.png]
[gcdn.meidianbang.cn/share/tabsTpl/style/four_dot2.png]
[gcdn.meidianbang.cn/share/tabsTpl/tabs-four.jpg]
[gcdn.meidianbang.cn/share/ModuleTabsTpl.css]
[gcdn.meidianbang.cn/scripts/flexslider/fonts/flexslider-icon.eot]
[gcdn.meidianbang.cn/scripts/flexslider/fonts/flexslider-icond41d.eot]
[gcdn.meidianbang.cn/scripts/flexslider/fonts/flexslider-icon.woff]
[gcdn.meidianbang.cn/scripts/flexslider/fonts/flexslider-icon.ttf]
[gcdn.meidianbang.cn/scripts/flexslider/fonts/flexslider-icon.svg]
[gcdn.meidianbang.cn/scripts/flexslider/flexslider.css]
[gcdn.meidianbang.cn/images/phoneMenu.png]
[gcdn.meidianbang.cn/images/mobile/tplItem1.jpg]
[gcdn.meidianbang.cn/images/mobile/tplItem2.jpg]
[gcdn.meidianbang.cn/images/mobile/tplItem3.jpg]
[gcdn.meidianbang.cn/images/mobile/tplItem4.jpg]
[gcdn.meidianbang.cn/images/mobile/tplItem5.jpg]
[gcdn.meidianbang.cn/images/mobile/tplItem6.jpg]
[gcdn.meidianbang.cn/images/mobile/tplItem7.jpg]
[gcdn.meidianbang.cn/images/mobile/tplItem8.jpg]
[gcdn.meidianbang.cn/share/ModuleMobileNavTpl.css]
[gcdn.meidianbang.cn/share/fontawesome/css/font-awesome.min.css]
[gcdn.meidianbang.cn/scripts/iconfont/iconfont2967.woff2]
[gcdn.meidianbang.cn/scripts/iconfont/iconfont2967.woff]
[gcdn.meidianbang.cn/scripts/iconfont/iconfont2967.ttf]
[gcdn.meidianbang.cn/scripts/iconfont/iconfont.css]
[gcdn.meidianbang.cn/scripts/iconfont/iconfont2967.svg]
[gcdn.meidianbang.cn/scripts/slick/ajax-loader.gif]
[gcdn.meidianbang.cn/scripts/slick/fonts/slick.eot]
[gcdn.meidianbang.cn/scripts/slick/fonts/slickd41d.eot]
[gcdn.meidianbang.cn/scripts/slick/fonts/slick.woff]
[gcdn.meidianbang.cn/scripts/slick/fonts/slick.ttf]
[gcdn.meidianbang.cn/scripts/slick/fonts/slick.svg]
[gcdn.meidianbang.cn/scripts/slick/slick-theme.css]
[gcdn.meidianbang.cn/scripts/slick/slick.css]
[gcdn.meidianbang.cn/scripts/Swiper-3.4.0/css/swiper.min.css]
[gcdn.meidianbang.cn/comdata/100040/201708/20170823105456ebd40c.jpg]
[gcdn.meidianbang.cn/comdata/100040/201708/20170823175907a302b5.jpg]
[gcdn.meidianbang.cn/PageCss1680.css]
[cdn-for-hk.img-sys.com/share/jquery-ui-css/ui-lightness/jquery-ui-1.10.2.custom.min.css]
[www.best-supply-chain.com/cn/yz168.e6.delayed]
[www.best-supply-chain.com/cn/index.html]
[gcdn.meidianbang.cn/PageCss976a.css]
[gcdn.meidianbang.cn/comdata/100836/202410/20241023151146edd966.png]
[www.best-supply-chain.com/en/Content/303251.html]
[www.best-supply-chain.com/en/Content/2884125.html]
[www.best-supply-chain.com/en/Content/2884296.html]
[www.best-supply-chain.com/en/Content/2884298.html]
[www.best-supply-chain.com/en/Content/2927605.html]
[www.best-supply-chain.com/en/News.html]
[www.best-supply-chain.com/en/Content/303253.html]
[cdn-for-hk.img-sys.com/comdata/100836/202410/20241018115532da035d.png]
[gcdn.meidianbang.cn/comdata/100836/201708/2017082417165551d8f0d402.jpg]
[gcdn.meidianbang.cn/comdata/100836/icontemp/202410/20241023152132831f2b8.png]
[gcdn.meidianbang.cn/comdata/100836/icontemp/202410/202410231524423382a99.png]
[img-for-hk.wds168.cn/comdata/100836/202503/2025032011151144523471cc.png]
[cdn-for-hk.img-sys.com/comdata/100836/202410/20241022150002f2159c.jpg]
[www.best-supply-chain.com/en/NewsDetail/5821013.html]
[www.best-supply-chain.com/en/NewsDetail/5821012.html]
[cdn-for-hk.img-sys.com/comdata/100836/202410/202410211047175cf335.jpg]
[www.best-supply-chain.com/en/yz168.fc.delayed]
[www.best-supply-chain.com/en/index.html]
[gcdn.meidianbang.cn/PageCss5269.css]
[cdn-for-hk.img-sys.com/comdata/100040/202503/20250312154543d3fcdc.jpg]
[www.best-supply-chain.com/Content/303251.html]
[gcdn.meidianbang.cn/PageCssae80.css]
[cdn-for-hk.img-sys.com/comdata/100040/202503/202503121545423b7890.jpg]
[www.best-supply-chain.com/skinp/modules/ModuleCommonClsGiant/commoncls.js]
[cdn-for-hk.img-sys.com/comdata/100040/202410/202410221552435cecaa.jpg]
[cdn-for-hk.img-sys.com/comdata/100040/202410/202410221556313743e3.jpg]
[cdn-for-hk.img-sys.com/comdata/100040/202410/202410221601152eef37.jpg]
[www.best-supply-chain.com/Content/2884125.html]
[gcdn.meidianbang.cn/PageCss6055.css]
[cdn-for-hk.img-sys.com/comdata/100040/202410/202410231429384829d0.jpg]
[www.best-supply-chain.com/Content/2884296.html]
[gcdn.meidianbang.cn/PageCss2a3b.css]
[cdn-for-hk.img-sys.com/comdata/100040/202410/20241023144705b8206e.jpg]
[cdn-for-hk.img-sys.com/comdata/100040/202410/2024102314535495a3ae.jpg]
[cdn-for-hk.img-sys.com/comdata/100040/202410/202410231453546c499b.jpg]
[www.best-supply-chain.com/Content/2884298.html]
[gcdn.meidianbang.cn/PageCss1623.css]
[cdn-for-hk.img-sys.com/comdata/100040/202503/20250312160009143406.jpg]
[cdn-for-hk.img-sys.com/comdata/100040/202503/202503121603351f80df.jpg]
[www.best-supply-chain.com/Content/2927605.html]
[gcdn.meidianbang.cn/PageCssbbd2.css]
[cdn-for-hk.img-sys.com/comdata/100040/202503/20250312154542ebf325.jpg]
[www.best-supply-chain.com/News.html]
[www.best-supply-chain.com/NewsDetail/5684084.html]
[gcdn.meidianbang.cn/PageCss97bd.css]
[cdn-for-hk.img-sys.com/comdata/100040/202410/2024102215221518d3c7.jpg]
[cdn-for-hk.img-sys.com/comdata/100040/202503/202503111544011eec89.jpg]
[www.best-supply-chain.com/skinp/modules/ModuleCustomFormGiant/customformgiant.js]
[www.best-supply-chain.com/Content/303253.html]
[www.best-supply-chain.com/cn.html]
[www.best-supply-chain.com/en.html]
[gcdn.meidianbang.cn/PageCssf748.css]
[gcdn.meidianbang.cn/skinp/common/mobile/js/html2canvas.js]
[gcdn.meidianbang.cn/scripts/jQPlugins/qrcode/qrcode.js]
[gcdn.meidianbang.cn/scripts/jQPlugins/qrcode/jquery.qrcode.js]
[gcdn.meidianbang.cn/share/clipboard/clipboard.min.js]
[gcdn.meidianbang.cn/skinp/common/mobile/js/readmore.js]
[cdn-for-hk.img-sys.com/scripts/wookmark/css/lightgallery.min.css]
[www.best-supply-chain.com/scripts/wookmark/lightgallery.min.js]
[www.best-supply-chain.com/scripts/wookmark/lg-fullscreen.min.js]
[www.best-supply-chain.com/scripts/wookmark/lg-thumbnail.min.js]
[www.best-supply-chain.com/scripts/wookmark/lg-zoom.min.js]
[www.best-supply-chain.com/skinp/common/mobile/js/zepto.min.js]
[www.best-supply-chain.com/indexa07e.json]
[www.best-supply-chain.com/NewsDetail/5923859.html]
[www.best-supply-chain.com/indexe2c5.json]
[www.best-supply-chain.com/NewsDetail/5923850.html]
[www.best-supply-chain.com/index5119.json]
[www.best-supply-chain.com/NewsDetail/5684127.html]
[www.best-supply-chain.com/yz168.html]
[www.best-supply-chain.com/indexe45c.html]
[zz.bdstatic.com/linksubmit/push.js]
[www.best-supply-chain.com/PageBaiduPushc30a.html]
[res.wx.qq.com/open/js/jweixin-1.6.0.js]
[www.best-supply-chain.com/index93e2.html]
[www.best-supply-chain.com/PageGetAgentInfod970.html]
[gcdn.meidianbang.cn/share/PIE.html]
[gcdn.meidianbang.cn/images/otherlogin.html]
[gcdn.meidianbang.cn/images/username.html]
[gcdn.meidianbang.cn/images/pwd.html]
[gcdn.meidianbang.cn/share/iconfont.html]
[gcdn.meidianbang.cn/images/arrow.html]
[gcdn.meidianbang.cn/images/moduleProductlist/jiantou.html]
[gcdn.meidianbang.cn/scripts/flexslider/fonts/flexslider-icon.svg]
[gcdn.meidianbang.cn/scripts/iconfont/iconfont2967.svg]
[gcdn.meidianbang.cn/scripts/slick/fonts/slick.svg]
[cdn-for-hk.img-sys.com/share/jquery-ui-css/ui-lightness/images/animated-overlay.html]
[cdn-for-hk.img-sys.com/share/jquery-ui-css/ui-lightness/images/ui-bg_highlight-soft_100_eeeeee_1x100.html]
[cdn-for-hk.img-sys.com/share/jquery-ui-css/ui-lightness/images/ui-bg_gloss-wave_35_f6a828_500x100.html]
[cdn-for-hk.img-sys.com/share/jquery-ui-css/ui-lightness/images/ui-bg_glass_100_f6f6f6_1x400.html]
[cdn-for-hk.img-sys.com/share/jquery-ui-css/ui-lightness/images/ui-bg_glass_100_fdf5ce_1x400.html]
[cdn-for-hk.img-sys.com/share/jquery-ui-css/ui-lightness/images/ui-bg_glass_65_ffffff_1x400.html]
[cdn-for-hk.img-sys.com/share/jquery-ui-css/ui-lightness/images/ui-bg_highlight-soft_75_ffe45c_1x100.html]
[cdn-for-hk.img-sys.com/share/jquery-ui-css/ui-lightness/images/ui-bg_diagonals-thick_18_b81900_40x40.html]
[cdn-for-hk.img-sys.com/share/jquery-ui-css/ui-lightness/images/ui-icons_222222_256x240.html]
[cdn-for-hk.img-sys.com/share/jquery-ui-css/ui-lightness/images/ui-icons_ffffff_256x240.html]
[cdn-for-hk.img-sys.com/share/jquery-ui-css/ui-lightness/images/ui-icons_ef8c08_256x240.html]
[cdn-for-hk.img-sys.com/share/jquery-ui-css/ui-lightness/images/ui-icons_228ef1_256x240.html]
[cdn-for-hk.img-sys.com/share/jquery-ui-css/ui-lightness/images/ui-icons_ffd27a_256x240.html]
[cdn-for-hk.img-sys.com/share/jquery-ui-css/ui-lightness/images/ui-bg_diagonals-thick_20_666666_40x40.html]
[cdn-for-hk.img-sys.com/share/jquery-ui-css/ui-lightness/images/ui-bg_flat_10_000000_40x100.html]
[www.best-supply-chain.com/cn/yz168.html]
[gcdn.meidianbang.cn/comdata/100836/201708/20170823105456ebd40c.jpg]
[gcdn.meidianbang.cn/comdata/100836/201708/20170823175907a302b5.jpg]
[gcdn.meidianbang.cn/PageCss976a.css]
[gcdn.meidianbang.cn/PageCss1d13.css]
[cdn-for-hk.img-sys.com/comdata/100836/202503/20250312154543d3fcdc.jpg]
[www.best-supply-chain.com/en/Content/303251.html]
[gcdn.meidianbang.cn/PageCss77d1.css]
[cdn-for-hk.img-sys.com/comdata/100836/202503/202503121545423b7890.jpg]
[cdn-for-hk.img-sys.com/comdata/100836/202410/202410221552435cecaa.jpg]
[cdn-for-hk.img-sys.com/comdata/100836/202410/202410221556313743e3.jpg]
[cdn-for-hk.img-sys.com/comdata/100836/202410/202410221601152eef37.jpg]
[www.best-supply-chain.com/en/Content/2884125.html]
[gcdn.meidianbang.cn/PageCss8617.css]
[cdn-for-hk.img-sys.com/comdata/100836/202410/202410231429384829d0.jpg]
[www.best-supply-chain.com/en/Content/2884296.html]
[gcdn.meidianbang.cn/PageCsseb2d.css]
[cdn-for-hk.img-sys.com/comdata/100836/202410/20241023144705b8206e.jpg]
[cdn-for-hk.img-sys.com/comdata/100836/202410/2024102314535495a3ae.jpg]
[cdn-for-hk.img-sys.com/comdata/100836/202410/202410231453546c499b.jpg]
[www.best-supply-chain.com/en/Content/2884298.html]
[gcdn.meidianbang.cn/PageCss8219.css]
[cdn-for-hk.img-sys.com/comdata/100836/202503/20250312160009143406.jpg]
[cdn-for-hk.img-sys.com/comdata/100836/202503/202503121603351f80df.jpg]
[www.best-supply-chain.com/en/Content/2927605.html]
[gcdn.meidianbang.cn/PageCssc2c9.css]
[cdn-for-hk.img-sys.com/comdata/100836/202503/20250312154542ebf325.jpg]
[www.best-supply-chain.com/en/News.html]
[gcdn.meidianbang.cn/PageCss23dd.css]
[cdn-for-hk.img-sys.com/comdata/100836/202410/2024102215221518d3c7.jpg]
[cdn-for-hk.img-sys.com/comdata/100836/202503/202503111544011eec89.jpg]
[www.best-supply-chain.com/en/Content/303253.html]
[gcdn.meidianbang.cn/PageCss623e.css]
[www.best-supply-chain.com/indexb1d2.json]
[www.best-supply-chain.com/en/NewsDetail/5821013.html]
[gcdn.meidianbang.cn/comdata/100836/202503/20250311150854a3218d.jpg]
[www.best-supply-chain.com/indexd4c7.json]
[www.best-supply-chain.com/en/NewsDetail/5821012.html]
[www.best-supply-chain.com/en/yz168.html]
[gcdn.meidianbang.cn/PageCss5269.css]
[www.best-supply-chain.com/Content/yz168.html]
[gcdn.meidianbang.cn/PageCssae80.css]
[gcdn.meidianbang.cn/PageCss6055.css]
[gcdn.meidianbang.cn/PageCss2a3b.css]
[gcdn.meidianbang.cn/PageCss1623.css]
[gcdn.meidianbang.cn/PageCssbbd2.css]
[gcdn.meidianbang.cn/comdata/100040/202503/20250311150854a3218d.jpg]
[www.best-supply-chain.com/index159f.json]
[www.best-supply-chain.com/NewsDetail/5684084.html]
[gcdn.meidianbang.cn/skinp/modules/ModuleCustomFormGiant/images/arrow1.png]
[gcdn.meidianbang.cn/PageCss97bd.css]
[gcdn.meidianbang.cn/PageCssf748.css]
[cdn-for-hk.img-sys.com/scripts/wookmark/css/lightgallery.min.css]
[www.best-supply-chain.com/NewsDetail/yz168.html]
[sp0.baidu.com/9_Q4simg2RQJ8t7jm9iCKT-xh_/s.gif]
[gcdn.meidianbang.cn/PageCss1d13.css]
[www.best-supply-chain.com/en/Content/yz168.html]
[gcdn.meidianbang.cn/PageCss77d1.css]
[gcdn.meidianbang.cn/PageCss8617.css]
[gcdn.meidianbang.cn/PageCsseb2d.css]
[gcdn.meidianbang.cn/PageCss8219.css]
[gcdn.meidianbang.cn/PageCssc2c9.css]
[gcdn.meidianbang.cn/PageCss23dd.css]
[gcdn.meidianbang.cn/PageCss623e.css]
[www.best-supply-chain.com/en/NewsDetail/yz168.html]
[translate.google.com/translate_a/element7876.js]
[cdn-for-hk.img-sys.com/scripts/wookmark/fonts/lgd641.html]
[cdn-for-hk.img-sys.com/scripts/wookmark/fonts/lgd41d.html]
[cdn-for-hk.img-sys.com/scripts/wookmark/fonts/lgd641-2.html]
[cdn-for-hk.img-sys.com/scripts/wookmark/fonts/lgd641-3.html]
[cdn-for-hk.img-sys.com/scripts/wookmark/fonts/lgd641-4.html]
[cdn-for-hk.img-sys.com/scripts/wookmark/img/vimeo-play.html]
[cdn-for-hk.img-sys.com/scripts/wookmark/img/video-play.html]
[cdn-for-hk.img-sys.com/scripts/wookmark/img/youtube-play.html]
[cdn-for-hk.img-sys.com/scripts/wookmark/img/loading.html]
